// Jest Snapshot v1, https://goo.gl/fbAQLP

exports[`Digital form widget renders correctly 1`] = `<DocumentFragment />`;
