// Jest Snapshot v1, https://goo.gl/fbAQLP

exports[`OTC mini widget renders correctly 1`] = `
<DocumentFragment>
  .c0 {
  min-height: 100%;
}

<div
    class="c0"
  >
    <div
      id="CustomerCenterOtcMiniWidgetApp"
    />
  </div>
</DocumentFragment>
`;
